
icetime topological timing analysis report
==========================================

Info: max_span_hack is enabled: estimate is conservative.

Report for critical path:
-------------------------

        lc40_12_9_3 (LogicCell40) [clk] -> lcout: 1.491 ns
     1.491 ns net_46105 (iomem_addr[2])
        odrv_12_9_46105_45887 (Odrv4) I -> O: 0.649 ns
        t13713 (Span4Mux_v4) I -> O: 0.649 ns
        t13712 (LocalMux) I -> O: 1.099 ns
        inmux_12_3_49258_49312 (InMux) I -> O: 0.662 ns
        lc40_12_3_7 (LogicCell40) in1 -> lcout: 1.232 ns
     5.782 ns net_45371 (iomem_ready_SB_LUT4_I3_I1_SB_CARRY_CO_I1[0])
        t13444 (LocalMux) I -> O: 1.099 ns
        inmux_12_4_49366_49393 (InMux) I -> O: 0.662 ns
        lc40_12_4_0 (LogicCell40) in1 -> carryout: 0.675 ns
     8.219 ns t1575
        lc40_12_4_1 (LogicCell40) carryin -> carryout: 0.278 ns
     8.497 ns t1576
        lc40_12_4_2 (LogicCell40) carryin -> carryout: 0.278 ns
     8.775 ns t1577
        lc40_12_4_3 (LogicCell40) carryin -> carryout: 0.278 ns
     9.053 ns t1578
        lc40_12_4_4 (LogicCell40) carryin -> carryout: 0.278 ns
     9.331 ns t1579
        lc40_12_4_5 (LogicCell40) carryin -> carryout: 0.278 ns
     9.610 ns t1580
        lc40_12_4_6 (LogicCell40) carryin -> carryout: 0.278 ns
     9.888 ns t1581
        lc40_12_4_7 (LogicCell40) carryin -> carryout: 0.278 ns
    10.166 ns net_49433 (soc.memory.cs_0_SB_CARRY_I1_CO[8])
        t1585 (ICE_CARRY_IN_MUX) carryinitin -> carryinitout: 0.556 ns
        lc40_12_5_0 (LogicCell40) carryin -> carryout: 0.278 ns
    11.000 ns t1586
        lc40_12_5_1 (LogicCell40) carryin -> carryout: 0.278 ns
    11.278 ns t1587
        lc40_12_5_2 (LogicCell40) carryin -> carryout: 0.278 ns
    11.556 ns t1588
        lc40_12_5_3 (LogicCell40) carryin -> carryout: 0.278 ns
    11.835 ns t1589
        lc40_12_5_4 (LogicCell40) carryin -> carryout: 0.278 ns
    12.113 ns t1590
        lc40_12_5_5 (LogicCell40) carryin -> carryout: 0.278 ns
    12.391 ns t1591
        lc40_12_5_6 (LogicCell40) carryin -> carryout: 0.278 ns
    12.669 ns t1592
        lc40_12_5_7 (LogicCell40) carryin -> carryout: 0.278 ns
    12.947 ns net_49556 (soc.memory.cs_0_SB_CARRY_I1_CO[16])
        t1595 (ICE_CARRY_IN_MUX) carryinitin -> carryinitout: 0.556 ns
        lc40_12_6_0 (LogicCell40) carryin -> carryout: 0.278 ns
    13.782 ns t1596
        lc40_12_6_1 (LogicCell40) carryin -> carryout: 0.278 ns
    14.060 ns t1597
        lc40_12_6_2 (LogicCell40) carryin -> carryout: 0.278 ns
    14.338 ns t1598
        lc40_12_6_3 (LogicCell40) carryin -> carryout: 0.278 ns
    14.616 ns t1599
        lc40_12_6_4 (LogicCell40) carryin -> carryout: 0.278 ns
    14.894 ns t1600
        lc40_12_6_5 (LogicCell40) carryin -> carryout: 0.278 ns
    15.172 ns t1601
        lc40_12_6_6 (LogicCell40) carryin -> carryout: 0.278 ns
    15.450 ns t1602
        lc40_12_6_7 (LogicCell40) carryin -> carryout: 0.278 ns
    15.728 ns net_49679 (soc.memory.cs_0_SB_CARRY_I1_CO[24])
        t1767 (ICE_CARRY_IN_MUX) carryinitin -> carryinitout: 0.556 ns
        lc40_12_7_0 (LogicCell40) carryin -> carryout: 0.278 ns
    16.563 ns t1768
        lc40_12_7_1 (LogicCell40) carryin -> carryout: 0.278 ns
    16.841 ns t1770
        lc40_12_7_2 (LogicCell40) carryin -> carryout: 0.278 ns
    17.119 ns t1772
        lc40_12_7_3 (LogicCell40) carryin -> carryout: 0.278 ns
    17.397 ns t1773
        lc40_12_7_4 (LogicCell40) carryin -> carryout: 0.278 ns
    17.675 ns t1775
        lc40_12_7_5 (LogicCell40) carryin -> carryout: 0.278 ns
    17.953 ns net_49790 (soc.spimemio.valid_SB_LUT4_O_I1_SB_LUT4_O_1_I2[3])
        inmux_12_7_49790_49800 (InMux) I -> O: 0.662 ns
        lc40_12_7_6 (LogicCell40) in3 -> lcout: 0.874 ns
    19.490 ns net_45862 (soc.cpu.last_mem_valid_SB_DFFSR_Q_D[1])
        odrv_12_7_45862_45992 (Odrv4) I -> O: 0.649 ns
        t13517 (Span4Mux_v4) I -> O: 0.649 ns
        t13516 (Span4Mux_v4) I -> O: 0.649 ns
        t13515 (LocalMux) I -> O: 1.099 ns
        inmux_15_12_61862_61899 (InMux) I -> O: 0.662 ns
        t2294 (CascadeMux) I -> O: 0.000 ns
        lc40_15_12_5 (LogicCell40) in2 -> lcout: 1.205 ns
    24.404 ns net_57968 (flash_csb_SB_LUT4_I3_O_SB_LUT4_I2_O_SB_LUT4_O_2_I1[1])
        odrv_15_12_57968_57752 (Odrv4) I -> O: 0.649 ns
        t16033 (Span4Mux_h4) I -> O: 0.543 ns
        t16032 (LocalMux) I -> O: 1.099 ns
        inmux_15_8_61352_61378 (InMux) I -> O: 0.662 ns
        lc40_15_8_0 (LogicCell40) in3 -> lcout: 0.874 ns
    28.231 ns net_57471 (flash_clk_SB_LUT4_I0_O_SB_LUT4_I0_O[0])
        odrv_15_8_57471_57504 (Odrv4) I -> O: 0.649 ns
        t15806 (Span4Mux_h4) I -> O: 0.543 ns
        t15805 (Span4Mux_v4) I -> O: 0.649 ns
        t15804 (Span4Mux_v4) I -> O: 0.649 ns
        t15803 (LocalMux) I -> O: 1.099 ns
        inmux_18_18_74083_74110 (InMux) I -> O: 0.662 ns
        lc40_18_18_2 (LogicCell40) in0 -> lcout: 1.285 ns
    33.767 ns net_70195 (soc.cpu.decoded_imm_j_SB_DFFE_Q_10_D_SB_LUT4_O_I1[2])
        odrv_18_18_70195_70339 (Odrv4) I -> O: 0.649 ns
        t18416 (Span4Mux_v4) I -> O: 0.649 ns
        t18415 (LocalMux) I -> O: 1.099 ns
        inmux_20_20_81344_81408 (InMux) I -> O: 0.662 ns
        lc40_20_20_5 (LogicCell40) in3 -> lcout: 0.874 ns
    37.701 ns net_77676 (soc.cpu.prefetched_high_word_SB_DFFESR_Q_D_SB_LUT4_O_I1_SB_LUT4_I1_1_O[2])
        t19465 (LocalMux) I -> O: 1.099 ns
        inmux_21_20_85186_85220 (InMux) I -> O: 0.662 ns
        t3164 (CascadeMux) I -> O: 0.000 ns
        lc40_21_20_2 (LogicCell40) in2 -> lcout: 1.205 ns
    40.668 ns net_81303 (soc.cpu.mem_rdata_q_SB_DFF_Q_15_D_SB_LUT4_O_I1_SB_LUT4_O_I2[1])
        odrv_21_20_81303_85042 (Odrv4) I -> O: 0.649 ns
        t20236 (Span4Mux_h4) I -> O: 0.543 ns
        t20235 (LocalMux) I -> O: 1.099 ns
        inmux_18_21_74435_74509 (InMux) I -> O: 0.662 ns
        lc40_18_21_7 (LogicCell40) in0 -> lcout: 1.285 ns
    44.906 ns net_70569 (soc.cpu.cpu_state_SB_DFF_Q_5_D_SB_LUT4_O_I1_SB_LUT4_I3_O[1])
        t18674 (LocalMux) I -> O: 1.099 ns
        inmux_17_22_70741_70797 (InMux) I -> O: 0.662 ns
        t2686 (CascadeMux) I -> O: 0.000 ns
        lc40_17_22_6 (LogicCell40) in2 -> lcout: 1.205 ns
    47.873 ns net_66860 (soc.cpu.cpu_state_SB_DFF_Q_5_D_SB_LUT4_O_I0[1])
        odrv_17_22_66860_66883 (Odrv4) I -> O: 0.649 ns
        t17961 (Span4Mux_h4) I -> O: 0.543 ns
        t17960 (Span4Mux_h4) I -> O: 0.543 ns
        t17959 (Span4Mux_h4) I -> O: 0.543 ns
        t17958 (LocalMux) I -> O: 1.099 ns
        inmux_5_24_25641_25681 (InMux) I -> O: 0.662 ns
        lc40_5_24_2 (LogicCell40) in3 -> lcout: 0.874 ns
    52.787 ns net_21763 (soc.cpu.instr_lw_SB_LUT4_I2_O_SB_LUT4_O_I0[0])
        t8412 (LocalMux) I -> O: 1.099 ns
        inmux_5_23_25520_25582 (InMux) I -> O: 0.662 ns
        lc40_5_23_6 (LogicCell40) in3 -> lcout: 0.874 ns
    55.422 ns net_21644 (soc.cpu.instr_sll_SB_LUT4_I0_O_SB_LUT4_I2_O[2])
        odrv_5_23_21644_21539 (Odrv4) I -> O: 0.649 ns
        t8407 (Span4Mux_v4) I -> O: 0.649 ns
        t8406 (LocalMux) I -> O: 1.099 ns
        inmux_5_18_24920_24952 (InMux) I -> O: 0.662 ns
        lc40_5_18_4 (LogicCell40) in0 -> lcout: 1.285 ns
    59.767 ns net_21027 (soc.cpu.instr_sll_SB_LUT4_I0_O_SB_LUT4_I2_O_SB_LUT4_I3_O[3])
        odrv_5_18_21027_17327 (Odrv4) I -> O: 0.649 ns
        t8163 (Span4Mux_v4) I -> O: 0.649 ns
        t8162 (LocalMux) I -> O: 1.099 ns
        inmux_3_22_17739_17764 (InMux) I -> O: 0.662 ns
        lc40_3_22_1 (LogicCell40) in0 -> lcout: 1.285 ns
    64.111 ns net_13854 (soc.cpu.reg_op1_SB_DFFE_Q_31_E)
        odrv_3_22_13854_13997 (Odrv4) I -> O: 0.649 ns
        t5521 (LocalMux) I -> O: 1.099 ns
        inmux_3_22_17727_17804 (CEMux) I -> O: 0.702 ns
    66.561 ns net_17804 (soc.cpu.reg_op1_SB_DFFE_Q_31_E)
        lc40_3_22_7 (LogicCell40) ce [setup]: 0.000 ns
    66.561 ns net_13860 (soc.cpu.alu_out_SB_LUT4_O_14_I1_SB_LUT4_I0_O_SB_LUT4_O_I3[1])

Resolvable net names on path:
     1.491 ns ..  4.550 ns iomem_addr[2]
     5.782 ns ..  7.543 ns iomem_ready_SB_LUT4_I3_I1_SB_CARRY_CO_I1[0]
    10.166 ns .. 10.722 ns soc.memory.cs_0_SB_CARRY_I1_CO[8]
    12.947 ns .. 13.503 ns soc.memory.cs_0_SB_CARRY_I1_CO[16]
    15.728 ns .. 16.285 ns soc.memory.cs_0_SB_CARRY_I1_CO[24]
    17.953 ns .. 18.616 ns soc.spimemio.valid_SB_LUT4_O_I1_SB_LUT4_O_1_I2[3]
    19.490 ns .. 23.198 ns soc.cpu.last_mem_valid_SB_DFFSR_Q_D[1]
    24.404 ns .. 27.357 ns flash_csb_SB_LUT4_I3_O_SB_LUT4_I2_O_SB_LUT4_O_2_I1[1]
    28.231 ns .. 32.483 ns flash_clk_SB_LUT4_I0_O_SB_LUT4_I0_O[0]
    33.767 ns .. 36.827 ns soc.cpu.decoded_imm_j_SB_DFFE_Q_10_D_SB_LUT4_O_I1[2]
    37.701 ns .. 39.463 ns soc.cpu.prefetched_high_word_SB_DFFESR_Q_D_SB_LUT4_O_I1_SB_LUT4_I1_1_O[2]
    40.668 ns .. 43.621 ns soc.cpu.mem_rdata_q_SB_DFF_Q_15_D_SB_LUT4_O_I1_SB_LUT4_O_I2[1]
    44.906 ns .. 46.668 ns soc.cpu.cpu_state_SB_DFF_Q_5_D_SB_LUT4_O_I1_SB_LUT4_I3_O[1]
    47.873 ns .. 51.913 ns soc.cpu.cpu_state_SB_DFF_Q_5_D_SB_LUT4_O_I0[1]
    52.787 ns .. 54.548 ns soc.cpu.instr_lw_SB_LUT4_I2_O_SB_LUT4_O_I0[0]
    55.422 ns .. 58.482 ns soc.cpu.instr_sll_SB_LUT4_I0_O_SB_LUT4_I2_O[2]
    59.767 ns .. 62.826 ns soc.cpu.instr_sll_SB_LUT4_I0_O_SB_LUT4_I2_O_SB_LUT4_I3_O[3]
    64.111 ns .. 66.561 ns soc.cpu.reg_op1_SB_DFFE_Q_31_E
                  lcout -> soc.cpu.alu_out_SB_LUT4_O_14_I1_SB_LUT4_I0_O_SB_LUT4_O_I3[1]

Total number of logic levels: 44
Total path delay: 66.56 ns (15.02 MHz)

